--------- beginning of /dev/log/system
--------- beginning of /dev/log/main
04-07 02:05:43.176  1321  1321 V DroidBox: Ljavax/crypto/Cipher;->init(I=1 | Ljava/security/Key;=OpenSSLRSAPublicKey{modulus=c10f7968cfe2c76ac6f0650c877806d4514de58fc239592d2385bce5609a84b2a0fbdaf29b05505ead1fdfef3d7209acbf34b5d0a806df18147ea9c0337d6b5b,publicExponent=10001})V
04-07 02:05:43.176  1321  1321 V DroidBox: Ljavax/crypto/Cipher;->doFinal([B={123, 34, 85, 77, 53, 34, 58, 34, 83, 119, 89, 68, 65, 103, 100, 81, 68, 86, 77, 74, 84, 49, 65, 76, 65, 86, 99, 65, 65, 70, 100, 99, 83, 119, 77, 72, 86, 65, 103, 67, 65, 119, 116, 97, 71, 103, 107, 76, 65, 103, 81, 61, 34, 44, 34, 65, 73, 68, 76, 34, 58, 34, 86, 104})[B={56, -44, -123, -77, 50, -47, -111, -77, -94, 73, -80, 58, -102, -20, -42, 97, 62, 18, 73, -128, 112, 29, -80, -6, 57, -38, 46, -85, -85, -34, 14, 47, -29, -96, 57, -53, -105, 91, 94, 47, -86, 52, -33, 122, -56, 114, -84, 24, -43, -67, -30, 43, -63, -56, -121, -96, -75, 113, -55, 69, 2, -52, -103, 88}
04-07 02:05:43.176  1321  1321 V DroidBox: Ljavax/crypto/Cipher;->doFinal([B={78, 68, 69, 103, 115, 88, 65, 70, 77, 77, 70, 81, 70, 88, 67, 65, 81, 89, 65, 70, 81, 75, 70, 66, 119, 72, 67, 86, 81, 67, 71, 70, 77, 76, 72, 70, 73, 101, 66, 86, 73, 65, 68, 70, 82, 99, 72, 65, 78, 81, 86, 108, 65, 65, 70, 48, 56, 61, 34, 44, 34, 79, 49, 34})[B={29, 105, 22, 34, 11, 103, 57, 107, 10, -38, 13, -116, 100, 111, 33, 107, -125, 25, -106, -58, -3, -107, 57, 43, 91, 19, 2, 37, -38, 91, -12, 30, -56, 69, 107, -107, 61, 108, -57, 72, -28, 14, -74, 0, -8, -121, -11, 105, 93, -118, -13, -17, 122, 82, -27, -25, -69, -109, -36, -1, -48, 93, -16, 93}
04-07 02:05:43.176  1321  1321 V DroidBox: Ljavax/crypto/Cipher;->doFinal([B={58, 34, 83, 81, 85, 65, 85, 86, 85, 77, 86, 49, 65, 66, 71, 103, 107, 65, 85, 49, 81, 67, 66, 86, 66, 100, 72, 103, 103, 72, 85, 81, 100, 85, 68, 65, 90, 100, 72, 65, 100, 82, 86, 86, 65, 70, 85, 65, 73, 75, 83, 119, 78, 83, 66, 81, 61, 61, 34, 44, 34, 76, 84, 86})[B={-125, -24, -28, 59, 82, -79, -77, -34, 20, 89, 83, -39, -32, -65, -36, -86, 62, 41, 91, 18, -40, -115, 51, -47, -70, -124, 20, -26, 23, -55, -106, -95, -90, 101, -99, -69, -77, -76, -41, -8, -78, 84, 124, 53, -79, -10, -39, -115, -128, 63, 56, 25, -98, 25, -53, -18, -29, 64, -8, -75, 72, 114, -86, 97}
04-07 02:05:43.176  1321  1321 V DroidBox: Ljavax/crypto/Cipher;->doFinal([B={73, 68, 34, 58, 34, 72, 81, 61, 61, 34, 44, 34, 73, 77, 73, 68, 34, 58, 34, 83, 49, 82, 86, 86, 103, 85, 66, 86, 103, 69, 86, 72, 103, 99, 67, 85, 104, 119, 66, 86, 108, 90, 101, 65, 70, 77, 65, 66, 108, 77, 89, 65, 49, 77, 74, 84, 65, 89, 72, 86, 81, 85, 77, 65})[B={71, -63, -77, -73, 92, -119, 45, 3, -121, -31, -97, 32, 7, -112, -108, -23, -97, -40, 126, -120, -29, -92, 108, -27, -12, 74, 26, -4, -81, -35, 119, -65, -125, -105, 113, 50, -43, 11, 0, 26, -5, 2, 31, -124, -28, -39, 75, -24, -14, -43, -113, 19, 120, 47, 63, 40, 75, 13, 120, -57, -56, 81, 5, 79}
04-07 02:05:43.176  1321  1321 V DroidBox: Ljavax/crypto/Cipher;->doFinal([B={86, 69, 77, 34, 125})[B={116, 18, 120, 83, -38, 84, 54, -40, 18, 2, -59, 115, -68, 95, -12, -70, -24, 73, 89, 121, 82, -100, -70, -128, -53, -29, -105, -7, -51, -47, 45, 43, -74, 9, 62, -65, -18, 12, -50, 47, -121, 24, 86, -111, -78, 55, 23, -65, -33, 26, -58, 55, 125, 16, -63, -112, 116, 0, -109, 66, 94, 98, -64, 97}
04-07 02:05:43.180  1321  1321 V DroidBox: Ljava/security/MessageDigest;->getInstance(Ljava/lang/String;=SHA-1)Ljava/security/MessageDigest;=MESSAGE DIGEST SHA-1
04-07 02:05:43.180  1321  1321 V DroidBox: Ljava/security/MessageDigest;->update([B={56, 101, 52, 48, 100, 56, 99, 100, 102, 51, 51, 50, 98, 49, 49, 53})V
04-07 02:05:43.180  1321  1321 V DroidBox: Ljava/security/MessageDigest;->digest()[B={-44, 58, -39, -69, -105, -125, -50, 112, -66, 57, 74, 106, -108, -31, 107, -22, 14, 2, -14, -91}
04-07 02:05:43.180  1321  1321 V DroidBox: Ljava/security/MessageDigest;->getInstance(Ljava/lang/String;=MD5)Ljava/security/MessageDigest;=MESSAGE DIGEST MD5
04-07 02:05:43.180  1321  1321 V DroidBox: Ljava/security/MessageDigest;->update([B={56, 101, 52, 48, 100, 56, 99, 100, 102, 51, 51, 50, 98, 49, 49, 53})V
04-07 02:05:43.180  1321  1321 V DroidBox: Ljava/security/MessageDigest;->digest()[B={-9, 2, 110, -118, 27, -88, 31, 85, -19, -14, 77, -105, 105, -73, -120, 37}
04-07 02:05:43.180  1321  1321 V DroidBox: Ljavax/crypto/Cipher;->getInstance(Ljava/lang/String;=RSA/ECB/nopadding)Ljavax/crypto/Cipher;=javax.crypto.Cipher@52b08090
04-07 02:05:43.180  1321  1321 V DroidBox: Ljavax/crypto/Cipher;->init(I=1 | Ljava/security/Key;=OpenSSLRSAPublicKey{modulus=c10f7968cfe2c76ac6f0650c877806d4514de58fc239592d2385bce5609a84b2a0fbdaf29b05505ead1fdfef3d7209acbf34b5d0a806df18147ea9c0337d6b5b,publicExponent=10001})V
04-07 02:05:43.180  1321  1321 V DroidBox: Ljavax/crypto/Cipher;->doFinal([B={123, 34, 85, 77, 53, 34, 58, 34, 85, 119, 73, 73, 66, 65, 78, 100, 67, 49, 103, 72, 86, 49, 81, 65, 66, 49, 77, 78, 66, 108, 120, 83, 85, 119, 99, 77, 85, 103, 119, 80, 66, 81, 66, 85, 65, 103, 48, 65, 66, 65, 65, 61, 34, 44, 34, 65, 73, 68, 76, 34, 58, 34, 84, 104})[B={99, 33, 99, 65, -5, -89, -59, -83, 116, -37, 29, -82, -36, 21, -28, 51, -6, -16, 86, -15, 93, -35, -116, 46, -39, -106, 5, -37, -34, -7, 95, -59, -114, -97, 12, 36, -33, -66, 103, 73, -18, 37, 125, 64, -72, -52, 12, -97, -32, -89, 37, 38, -2, -26, -24, 34, -63, -25, 59, -18, -121, -10, 61, -70}
04-07 02:05:43.180  1321  1321 V DroidBox: Ljavax/crypto/Cipher;->doFinal([B={100, 73, 70, 65, 56, 97, 66, 108, 103, 67, 68, 81, 86, 99, 68, 103, 65, 86, 66, 108, 56, 69, 68, 66, 103, 77, 68, 49, 65, 80, 72, 108, 103, 70, 66, 70, 89, 86, 65, 49, 89, 78, 67, 108, 57, 83, 66, 65, 100, 98, 85, 70, 81, 78, 69, 85, 81, 61, 34, 44, 34, 79, 49, 34})[B={-110, -95, 113, -11, -49, 29, 66, 35, -41, -103, -102, 123, -5, 115, -39, 16, -92, -90, -26, 47, -124, 71, -63, 14, 31, 16, -98, -68, 41, -106, -55, 113, -98, -4, -79, 38, -53, -24, 84, 71, 50, 122, -28, 42, -50, -93, 73, 95, -34, -121, -97, 73, -81, 74, -53, 23, 15, 5, 88, -29, 65, 58, 97, 97}
04-07 02:05:43.180  1321  1321 V DroidBox: Ljavax/crypto/Cipher;->doFinal([B={58, 34, 85, 81, 69, 76, 86, 49, 69, 66, 85, 86, 115, 80, 65, 103, 48, 76, 86, 86, 65, 80, 65, 49, 116, 84, 66, 103, 119, 77, 86, 119, 78, 90, 67, 103, 49, 84, 66, 65, 78, 97, 85, 49, 81, 73, 86, 103, 107, 69, 85, 119, 100, 90, 65, 119, 61, 61, 34, 44, 34, 76, 84, 86})[B={98, -122, -84, -110, 1, 43, -92, 83, -93, -39, -24, 11, 55, 67, 125, -58, 125, -66, -73, 72, -123, 28, 56, 120, 103, 83, 110, 93, 34, 20, 123, 14, -50, 115, -120, -26, -114, -47, -63, -10, 66, -78, -76, 101, -100, 13, 9, 57, -127, 93, -70, 47, 75, 1, -47, 91, -44, -112, -42, 126, -96, 70, 103, 123}
04-07 02:05:43.180  1321  1321 V DroidBox: Ljavax/crypto/Cipher;->doFinal([B={73, 68, 34, 58, 34, 66, 81, 61, 61, 34, 44, 34, 73, 77, 73, 68, 34, 58, 34, 85, 49, 66, 101, 85, 65, 69, 77, 85, 65, 111, 98, 66, 103, 77, 74, 86, 66, 103, 77, 85, 70, 49, 81, 71, 70, 99, 76, 65, 70, 99, 86, 66, 86, 103, 72, 86, 65, 73, 77, 85, 119, 69, 66, 66})[B={-106, -60, 111, -10, 112, -84, -74, 122, -117, 65, 124, 16, 44, -61, -102, -36, -116, 12, 27, 58, 70, -78, -42, -95, 21, -69, -88, 64, 102, 42, -38, 104, 37, -87, -110, -64, 107, -58, 114, 19, -124, 105, -46, 85, -24, -72, 79, -43, -62, -115, 108, -127, -123, -81, 85, -93, 70, 72, 70, -118, 17, 24, -51, 36}
04-07 02:05:43.180  1321  1321 V DroidBox: Ljavax/crypto/Cipher;->doFinal([B={49, 111, 67, 34, 125})[B={82, 56, 51, -124, -1, 110, -42, 11, -64, 49, 119, 65, 56, 63, 46, 5, -1, -57, 33, 76, 80, 66, -91, 52, -48, 106, 29, -106, 7, 9, 110, -74, -26, -89, -9, -89, -10, -113, 45, -63, -3, 33, 105, -91, -85, -28, 51, 97, -121, -72, -77, -123, 46, 42, 125, -121, 108, 18, -125, 76, 61, 23, -57, 73}
04-07 02:05:43.180  1321  1321 V DroidBox: Ljava/security/MessageDigest;->getInstance(Ljava/lang/String;=SHA-1)Ljava/security/MessageDigest;=MESSAGE DIGEST SHA-1
04-07 02:05:43.180  1321  1321 V DroidBox: Ljava/security/MessageDigest;->update([B={56, 101, 52, 48, 100, 56, 99, 100, 102, 51, 51, 50, 98, 49, 49, 53})V
04-07 02:05:43.180  1321  1321 V DroidBox: Ljava/security/MessageDigest;->digest()[B={-44, 58, -39, -69, -105, -125, -50, 112, -66, 57, 74, 106, -108, -31, 107, -22, 14, 2, -14, -91}
04-07 02:05:43.184  1321  1321 V DroidBox: Ljava/security/MessageDigest;->getInstance(Ljava/lang/String;=SHA-1)Ljava/security/MessageDigest;=MESSAGE DIGEST SHA-1
04-07 02:05:43.184  1321  1321 V DroidBox: Ljava/security/MessageDigest;->update([B={56, 101, 52, 48, 100, 56, 99, 100, 102, 51, 51, 50, 98, 49, 49, 53})V
04-07 02:05:43.184  1321  1321 V DroidBox: Ljava/security/MessageDigest;->digest()[B={-44, 58, -39, -69, -105, -125, -50, 112, -66, 57, 74, 106, -108, -31, 107, -22, 14, 2, -14, -91}
04-07 02:05:43.184  1321  1321 V DroidBox: Ljava/security/MessageDigest;->getInstance(Ljava/lang/String;=SHA-1)Ljava/security/MessageDigest;=MESSAGE DIGEST SHA-1
04-07 02:05:43.184  1321  1321 V DroidBox: Ljava/security/MessageDigest;->update([B={56, 101, 52, 48, 100, 56, 99, 100, 102, 51, 51, 50, 98, 49, 49, 53})V
04-07 02:05:43.184  1321  1321 V DroidBox: Ljava/security/MessageDigest;->digest()[B={-44, 58, -39, -69, -105, -125, -50, 112, -66, 57, 74, 106, -108, -31, 107, -22, 14, 2, -14, -91}
04-07 02:05:43.184  1321  1321 V DroidBox: Ljava/security/MessageDigest;->getInstance(Ljava/lang/String;=MD5)Ljava/security/MessageDigest;=MESSAGE DIGEST MD5
04-07 02:05:43.184  1321  1321 V DroidBox: Ljava/security/MessageDigest;->update([B={56, 101, 52, 48, 100, 56, 99, 100, 102, 51, 51, 50, 98, 49, 49, 53})V
04-07 02:05:43.184  1321  1321 V DroidBox: Ljava/security/MessageDigest;->digest()[B={-9, 2, 110, -118, 27, -88, 31, 85, -19, -14, 77, -105, 105, -73, -120, 37}
04-07 02:05:43.184  1321  1321 V DroidBox: Ljavax/crypto/Cipher;->getInstance(Ljava/lang/String;=RSA/ECB/nopadding)Ljavax/crypto/Cipher;=javax.crypto.Cipher@52b19d88
04-07 02:05:43.184  1321  1321 V DroidBox: Ljavax/crypto/Cipher;->init(I=1 | Ljava/security/Key;=OpenSSLRSAPublicKey{modulus=c10f7968cfe2c76ac6f0650c877806d4514de58fc239592d2385bce5609a84b2a0fbdaf29b05505ead1fdfef3d7209acbf34b5d0a806df18147ea9c0337d6b5b,publicExponent=10001})V
04-07 02:05:43.184  1321  1321 V DroidBox: Ljavax/crypto/Cipher;->doFinal([B={123, 34, 85, 77, 53, 34, 58, 34, 83, 119, 89, 74, 66, 65, 66, 83, 68, 86, 81, 65, 85, 49, 103, 86, 65, 70, 56, 68, 65, 49, 74, 82, 85, 119, 77, 70, 88, 82, 81, 71, 68, 119, 57, 85, 65, 65, 48, 78, 65, 119, 81, 61, 34, 44, 34, 65, 73, 68, 76, 34, 58, 34, 86, 104})[B={87, 71, -19, 35, 115, -59, -128, -82, 108, -102, -17, 37, -12, 81, 115, 12, -78, -13, -71, 59, -86, 74, 56, 75, -3, -4, 44, -35, -9, 117, 36, 116, 126, -39, 53, -110, 19, -58, 85, -12, 59, -118, 47, 17, 88, -3, -49, 99, -103, -119, 105, 54, 91, 45, 4, 26, -14, 72, 13, 58, -60, -90, 106, -126}
04-07 02:05:43.184  1321  1321 V DroidBox: Ljavax/crypto/Cipher;->doFinal([B={78, 74, 70, 65, 119, 86, 65, 70, 81, 70, 67, 81, 108, 74, 67, 81, 119, 98, 65, 49, 69, 72, 68, 66, 119, 70, 65, 69, 103, 71, 70, 70, 99, 70, 66, 108, 89, 89, 66, 70, 73, 77, 70, 70, 100, 100, 66, 119, 82, 85, 85, 49, 81, 69, 69, 48, 81, 61, 34, 44, 34, 79, 49, 34})[B={56, 109, 57, 84, 45, -21, 7, 103, -17, -124, -107, -110, -37, 43, 33, -60, 69, -86, 48, 126, -103, -102, 114, 22, 127, 98, -32, -81, -85, -127, 1, 114, 69, -68, -75, -35, -66, -106, 83, 84, 125, 91, -43, 67, -7, -51, 114, 71, 50, 112, 37, 101, 71, 76, 77, 16, -79, -114, -39, -71, -46, -60, -73, 52}
04-07 02:05:43.184  1321  1321 V DroidBox: Ljavax/crypto/Cipher;->doFinal([B={58, 34, 83, 81, 85, 75, 86, 49, 73, 79, 86, 49, 99, 73, 66, 103, 69, 101, 85, 108, 119, 66, 66, 108, 86, 81, 66, 103, 103, 70, 87, 66, 116, 81, 65, 65, 74, 84, 66, 103, 78, 88, 86, 70, 65, 74, 83, 65, 69, 76, 85, 65, 82, 87, 65, 65, 61, 61, 34, 44, 34, 76, 84, 86})[B={-68, 85, -59, -94, -125, -23, 75, -25, 28, 67, 27, -93, 67, 54, -124, -21, 11, -110, -39, -16, 40, 114, -49, 108, -88, 59, -35, 41, 39, 118, -88, -29, -10, -57, 53, 105, 105, 42, 7, 67, -48, -5, 88, 98, 29, 49, 110, 91, 62, 64, -10, -64, 63, 115, -11, 52, -124, 46, -37, 49, 118, 79, 59, -53}
04-07 02:05:43.184  1321  1321 V DroidBox: Ljavax/crypto/Cipher;->doFinal([B={73, 68, 34, 58, 34, 72, 81, 61, 61, 34, 44, 34, 73, 77, 73, 68, 34, 58, 34, 83, 49, 82, 102, 85, 65, 73, 68, 86, 103, 89, 99, 65, 103, 56, 99, 85, 120, 81, 67, 86, 86, 78, 84, 71, 70, 77, 67, 68, 48, 56, 99, 68, 49, 99, 72, 86, 103, 73, 66, 86, 65, 85, 65, 71})[B={91, -2, -26, -82, -37, -36, 10, -35, 86, 120, -122, -75, 79, -31, -45, -98, 6, 79, -71, 68, 62, -14, -75, 28, -119, -117, -127, 110, -1, 24, -99, 28, 52, -110, -91, 57, -124, 21, 84, 49, 124, 10, 117, 118, -117, 88, 48, 28, -89, 79, -86, 82, -56, 49, -6, -43, -120, 90, -23, -76, -72, 19, 14, 109}
04-07 02:05:43.188  1321  1321 V DroidBox: Ljavax/crypto/Cipher;->doFinal([B={86, 73, 78, 34, 125})[B={-116, 113, 52, -51, -13, -100, 126, -90, -31, -29, 65, -27, 72, -105, 54, -58, 87, -115, -41, 107, -54, 55, 11, 60, 72, 102, 115, -17, -32, 96, -25, -77, -55, 14, 12, -11, -7, 124, 51, 16, -50, 56, 114, -32, -17, -37, -54, 77, 3, 96, 92, -95, 10, -112, 1, 90, -119, 91, -34, -36, 95, 50, 20, 82}
04-07 02:05:43.188  1321  1321 V DroidBox: Ljava/security/MessageDigest;->getInstance(Ljava/lang/String;=SHA-1)Ljava/security/MessageDigest;=MESSAGE DIGEST SHA-1
04-07 02:05:43.188  1321  1321 V DroidBox: Ljava/security/MessageDigest;->update([B={56, 101, 52, 48, 100, 56, 99, 100, 102, 51, 51, 50, 98, 49, 49, 53})V
04-07 02:05:43.188  1321  1321 V DroidBox: Ljava/security/MessageDigest;->digest()[B={-44, 58, -39, -69, -105, -125, -50, 112, -66, 57, 74, 106, -108, -31, 107, -22, 14, 2, -14, -91}
04-07 02:05:43.188  1321  1321 V DroidBox: Ljava/security/MessageDigest;->getInstance(Ljava/lang/String;=MD5)Ljava/security/MessageDigest;=MESSAGE DIGEST MD5
04-07 02:05:43.188  1321  1321 V DroidBox: Ljava/security/MessageDigest;->update([B={56, 101, 52, 48, 100, 56, 99, 100, 102, 51, 51, 50, 98, 49, 49, 53})V
04-07 02:05:43.188  1321  1321 V DroidBox: Ljava/security/MessageDigest;->digest()[B={-9, 2, 110, -118, 27, -88, 31, 85, -19, -14, 77, -105, 105, -73, -120, 37}
04-07 02:05:43.188  1321  1321 V DroidBox: Ljava/security/MessageDigest;->getInstance(Ljava/lang/String;=SHA-1)Ljava/security/MessageDigest;=MESSAGE DIGEST SHA-1
04-07 02:05:43.188  1321  1321 V DroidBox: Ljava/security/MessageDigest;->update([B={56, 101, 52, 48, 100, 56, 99, 100, 102, 51, 51, 50, 98, 49, 49, 53})V
04-07 02:05:43.188  1321  1321 V DroidBox: Ljava/security/MessageDigest;->digest()[B={-44, 58, -39, -69, -105, -125, -50, 112, -66, 57, 74, 106, -108, -31, 107, -22, 14, 2, -14, -91}
04-07 02:05:43.188  1321  1321 V DroidBox: Ljava/security/MessageDigest;->getInstance(Ljava/lang/String;=MD5)Ljava/security/MessageDigest;=MESSAGE DIGEST MD5
04-07 02:05:43.188  1321  1321 V DroidBox: Ljava/security/MessageDigest;->update([B={56, 101, 52, 48, 100, 56, 99, 100, 102, 51, 51, 50, 98, 49, 49, 53})V
04-07 02:05:43.188  1321  1321 V DroidBox: Ljava/security/MessageDigest;->digest()[B={-9, 2, 110, -118, 27, -88, 31, 85, -19, -14, 77, -105, 105, -73, -120, 37}
04-07 02:05:43.188  1321  1321 V DroidBox: Ljavax/crypto/Cipher;->getInstance(Ljava/lang/String;=RSA/ECB/nopadding)Ljavax/crypto/Cipher;=javax.crypto.Cipher@52ad3530
04-07 02:05:43.188  1321  1321 V DroidBox: Ljavax/crypto/Cipher;->init(I=1 | Ljava/security/Key;=OpenSSLRSAPublicKey{modulus=c10f7968cfe2c76ac6f0650c877806d4514de58fc239592d2385bce5609a84b2a0fbdaf29b05505ead1fdfef3d7209acbf34b5d0a806df18147ea9c0337d6b5b,publicExponent=10001})V
04-07 02:05:43.188  1321  1321 V DroidBox: Ljavax/crypto/Cipher;->doFinal([B={123, 34, 85, 77, 53, 34, 58, 34, 83, 119, 89, 73, 66, 119, 100, 99, 65, 86, 77, 72, 86, 86, 89, 86, 65, 70, 52, 65, 66, 70, 120, 100, 86, 65, 81, 68, 85, 120, 81, 71, 68, 103, 120, 84, 68, 103, 69, 75, 66, 65, 73, 61, 34, 44, 34, 65, 73, 68, 76, 34, 58, 34, 86, 104})[B={-110, 13, 3, -71, 75, -88, 37, 28, -87, -17, -17, -47, 117, 16, 116, 58, -102, -106, -69, 82, 66, -31, -127, 59, -122, 49, 70, 53, 107, -3, -82, -54, -50, -5, -46, 41, -6, 4, -23, 117, -70, 83, -16, -81, 88, 44, -85, -10, -115, 97, -81, 65, 67, -71, 90, -29, -33, 84, -66, 64, 14, 109, 44, -48}
04-07 02:05:43.188  1321  1321 V DroidBox: Ljavax/crypto/Cipher;->doFinal([B={78, 73, 70, 119, 115, 98, 68, 70, 77, 67, 68, 119, 100, 74, 67, 81, 48, 89, 66, 70, 56, 76, 67, 120, 115, 68, 68, 107, 103, 71, 70, 86, 81, 67, 67, 70, 111, 102, 65, 49, 81, 67, 70, 70, 100, 99, 66, 65, 78, 97, 88, 49, 77, 68, 70, 85, 111, 61, 34, 44, 34, 79, 49, 34})[B={39, -37, 32, -106, -123, -78, -101, 78, 71, 93, -16, 109, 112, 67, -118, -66, -101, 113, 20, 43, -41, 103, -116, 53, 53, 37, -48, -57, 74, -52, 81, 104, -37, -35, -58, -75, 63, -106, -70, 119, -34, -21, -69, 69, 116, -43, -99, 49, -81, -112, -38, 93, 115, 95, -106, 32, -59, 22, -12, -67, -106, -35, 111, -88}
04-07 02:05:43.188  1321  1321 V DroidBox: Ljavax/crypto/Cipher;->doFinal([B={58, 34, 83, 81, 85, 76, 86, 70, 85, 65, 87, 49, 65, 80, 65, 65, 56, 101, 85, 108, 48, 67, 65, 86, 116, 99, 65, 81, 56, 68, 86, 104, 116, 81, 65, 81, 70, 85, 67, 65, 57, 81, 85, 49, 89, 72, 83, 65, 69, 75, 85, 119, 78, 89, 68, 65, 61, 61, 34, 44, 34, 76, 84, 86})[B={4, 19, -22, 45, 17, -90, -117, 78, 27, 100, 123, -8, -106, -43, -103, -69, 29, -88, 10, -1, 22, -72, 14, 53, -43, -105, 126, -53, -68, -113, -30, -30, 92, -36, -75, -41, 27, -70, -98, -56, -114, 48, -36, 70, -34, -3, -73, -99, -34, -115, -88, 46, -66, -5, -50, -68, 124, -98, -34, 31, -89, 90, -91, -56}
04-07 02:05:43.188  1321  1321 V DroidBox: Ljavax/crypto/Cipher;->doFinal([B={73, 68, 34, 58, 34, 72, 81, 61, 61, 34, 44, 34, 73, 77, 73, 68, 34, 58, 34, 83, 49, 82, 101, 85, 119, 85, 78, 87, 103, 69, 98, 66, 65, 69, 99, 85, 120, 85, 66, 85, 108, 49, 102, 72, 49, 81, 69, 65, 85, 56, 99, 68, 108, 81, 65, 87, 65, 52, 71, 85, 119, 77, 79, 71})[B={80, 28, -28, 39, 95, 87, 49, 120, -21, 67, 61, 47, 105, 122, 107, -119, -34, -81, 34, -114, 87, -1, 29, -6, -16, 59, 90, 63, -68, -59, -117, -32, 9, 16, 82, -98, 51, 119, 79, -96, 84, 84, 22, 121, -35, 28, -79, 28, 19, -41, -41, -54, -99, -64, -111, 9, 2, 51, -123, -28, -47, 59, 86, 34}
04-07 02:05:43.188  1321  1321 V DroidBox: Ljavax/crypto/Cipher;->doFinal([B={86, 73, 77, 34, 125})[B={-93, -59, 65, 64, -94, -97, -93, 119, 91, 98, 54, -22, 77, 120, -116, 127, -1, 101, -63, -56, 113, -64, 119, -46, -67, 119, -25, 39, 111, -89, 82, -33, -36, 51, -31, -27, 50, 105, 37, 59, 85, -46, 38, 108, 61, 16, -59, -57, -18, 72, -7, -104, 24, 92, 51, 89, -54, -84, 51, 73, 105, -82, 58, -56}
04-07 02:05:43.188  1321  1321 V DroidBox: Ljava/security/MessageDigest;->getInstance(Ljava/lang/String;=SHA-1)Ljava/security/MessageDigest;=MESSAGE DIGEST SHA-1
04-07 02:05:43.188  1321  1321 V DroidBox: Ljava/security/MessageDigest;->update([B={56, 101, 52, 48, 100, 56, 99, 100, 102, 51, 51, 50, 98, 49, 49, 53})V
04-07 02:05:43.188  1321  1321 V DroidBox: Ljava/security/MessageDigest;->digest()[B={-44, 58, -39, -69, -105, -125, -50, 112, -66, 57, 74, 106, -108, -31, 107, -22, 14, 2, -14, -91}
04-07 02:05:43.192  1321  1321 V DroidBox: Ljava/security/MessageDigest;->getInstance(Ljava/lang/String;=MD5)Ljava/security/MessageDigest;=MESSAGE DIGEST MD5
04-07 02:05:43.192  1321  1321 V DroidBox: Ljava/security/MessageDigest;->update([B={56, 101, 52, 48, 100, 56, 99, 100, 102, 51, 51, 50, 98, 49, 49, 53})V
04-07 02:05:43.192  1321  1321 V DroidBox: Ljava/security/MessageDigest;->digest()[B={-9, 2, 110, -118, 27, -88, 31, 85, -19, -14, 77, -105, 105, -73, -120, 37}
04-07 02:05:43.192  1321  1321 V DroidBox: Ljavax/crypto/Cipher;->getInstance(Ljava/lang/String;=RSA/ECB/nopadding)Ljavax/crypto/Cipher;=javax.crypto.Cipher@52a85ab8
04-07 02:05:43.192  1321  1321 V DroidBox: Ljavax/crypto/Cipher;->init(I=1 | Ljava/security/Key;=OpenSSLRSAPublicKey{modulus=c10f7968cfe2c76ac6f0650c877806d4514de58fc239592d2385bce5609a84b2a0fbdaf29b05505ead1fdfef3d7209acbf34b5d0a806df18147ea9c0337d6b5b,publicExponent=10001})V
04-07 02:05:43.192  1321  1321 V DroidBox: Ljavax/crypto/Cipher;->doFinal([B={123, 34, 85, 77, 53, 34, 58, 34, 86, 81, 69, 70, 66, 103, 53, 81, 68, 70, 85, 69, 85, 86, 99, 78, 66, 86, 52, 65, 65, 86, 70, 82, 86, 81, 81, 66, 85, 65, 69, 67, 65, 103, 49, 88, 66, 65, 52, 78, 66, 103, 48, 61, 34, 44, 34, 65, 73, 68, 76, 34, 58, 34, 83, 66})[B={11, 41, 106, -127, -25, 46, -50, 47, 90, 74, 121, -116, -79, 99, 53, 81, -41, -107, -114, -92, 58, -102, -29, 13, -44, -89, 98, 91, -25, 34, 56, -2, -68, -93, -43, -93, -1, -127, -51, 77, 125, 92, -88, -44, 60, -88, -62, 85, 27, 91, -27, -69, 108, -94, -81, -126, -128, -68, -15, -54, -1, -67, -28, -77}
04-07 02:05:43.192  1321  1321 V DroidBox: Ljavax/crypto/Cipher;->doFinal([B={82, 70, 70, 103, 73, 88, 65, 86, 85, 66, 67, 119, 90, 82, 68, 65, 48, 89, 65, 86, 73, 72, 67, 104, 115, 66, 68, 86, 48, 67, 71, 86, 85, 71, 65, 108, 85, 89, 65, 86, 115, 65, 68, 86, 74, 82, 65, 103, 82, 87, 85, 108, 107, 65, 70, 107, 107, 61, 34, 44, 34, 79, 49, 34})[B={34, -77, 105, -29, -121, -111, 51, 126, 91, 110, 66, 36, -32, -118, -87, -40, -13, -86, -56, 125, -48, -104, 11, -32, 77, 120, 3, -97, -32, 40, -60, 93, -64, 22, -66, -94, -90, -92, -36, -20, 23, -24, -110, 114, -94, 45, 63, -86, -115, 40, 120, -2, 20, 86, 37, -60, 111, -30, 32, -66, 28, -67, 11, 72}
04-07 02:05:43.192  1321  1370 V DroidBox: Ljava/security/MessageDigest;->getInstance(Ljava/lang/String;=SHA-1)Ljava/security/MessageDigest;=MESSAGE DIGEST SHA-1
04-07 02:05:43.192  1321  1370 V DroidBox: Ljava/security/MessageDigest;->update([B={56, 101, 52, 48, 100, 56, 99, 100, 102, 51, 51, 50, 98, 49, 49, 53})V
04-07 02:05:43.192  1321  1321 V DroidBox: Ljavax/crypto/Cipher;->doFinal([B={58, 34, 86, 119, 73, 71, 86, 86, 119, 77, 86, 108, 89, 77, 66, 65, 52, 71, 86, 49, 48, 67, 66, 70, 90, 81, 65, 65, 56, 66, 86, 81, 53, 85, 68, 81, 66, 81, 65, 103, 66, 88, 85, 86, 107, 70, 85, 81, 81, 72, 86, 81, 82, 85, 65, 81, 61, 61, 34, 44, 34, 76, 84, 86})[B={81, 58, 72, -38, 85, -71, -16, -32, 88, -22, -60, 58, -42, 5, 0, -7, -7, 52, -35, 52, 98, -47, -122, -86, 116, -88, -58, -30, -87, 94, 41, -62, -58, 48, -86, 99, -85, 33, 64, 57, -72, 90, -87, 20, 60, -7, 24, -82, 69, 118, 33, 108, -115, 5, 65, 110, -113, 103, -27, 63, -125, 107, 42, 6}
04-07 02:05:43.192  1321  1370 V DroidBox: Ljava/security/MessageDigest;->digest()[B={-44, 58, -39, -69, -105, -125, -50, 112, -66, 57, 74, 106, -108, -31, 107, -22, 14, 2, -14, -91}
04-07 02:05:43.192  1321  1321 V DroidBox: Ljavax/crypto/Cipher;->doFinal([B={73, 68, 34, 58, 34, 65, 119, 61, 61, 34, 44, 34, 73, 77, 73, 68, 34, 58, 34, 86, 86, 78, 84, 85, 103, 119, 66, 86, 119, 99, 89, 65, 65, 65, 69, 86, 104, 85, 66, 86, 49, 66, 84, 72, 108, 81, 71, 65, 108, 111, 89, 65, 108, 85, 69, 85, 103, 69, 66, 85, 81, 119, 77, 65})[B={-99, 29, 100, -57, 68, 107, 72, -42, -94, -61, 57, -45, 71, -74, -6, 10, -18, -31, 55, 75, -80, -30, 32, -80, 2, -4, -66, 61, 26, 32, -20, -21, 77, 19, 121, -124, -84, -94, -38, 12, 59, 79, -63, -105, 126, 37, -29, -121, 48, 90, 35, -50, 31, -10, 79, 63, 12, -3, -1, 54, -37, -73, -56, -22}
04-07 02:05:43.192  1321  1370 V DroidBox: Ljava/security/MessageDigest;->getInstance(Ljava/lang/String;=MD5)Ljava/security/MessageDigest;=MESSAGE DIGEST MD5
04-07 02:05:43.192  1321  1370 V DroidBox: Ljava/security/MessageDigest;->update([B={56, 101, 52, 48, 100, 56, 99, 100, 102, 51, 51, 50, 98, 49, 49, 53})V
04-07 02:05:43.192  1321  1370 V DroidBox: Ljava/security/MessageDigest;->digest()[B={-9, 2, 110, -118, 27, -88, 31, 85, -19, -14, 77, -105, 105, -73, -120, 37}
04-07 02:05:43.192  1321  1370 V DroidBox: Ljavax/crypto/Cipher;->getInstance(Ljava/lang/String;=RSA/ECB/nopadding)Ljavax/crypto/Cipher;=javax.crypto.Cipher@5286e9c8
04-07 02:05:43.192  1321  1370 V DroidBox: Ljavax/crypto/Cipher;->init(I=1 | Ljava/security/Key;=OpenSSLRSAPublicKey{modulus=c10f7968cfe2c76ac6f0650c877806d4514de58fc239592d2385bce5609a84b2a0fbdaf29b05505ead1fdfef3d7209acbf34b5d0a806df18147ea9c0337d6b5b,publicExponent=10001})V
04-07 02:05:43.192  1321  1321 V DroidBox: Ljavax/crypto/Cipher;->doFinal([B={70, 99, 66, 34, 125})[B={-115, 108, -35, -52, 69, -109, 120, 89, -68, -128, 68, 45, -68, -117, 111, -74, 26, -75, -54, -44, -58, 6, 104, 118, -88, -9, 88, -6, 115, -63, -42, 92, -62, -89, 117, 91, -30, -34, 40, 92, -64, -12, 38, -94, 97, 6, 80, -106, 15, -126, 23, -93, 81, -102, 38, 37, -3, 61, -45, 26, -31, -35, 114, 50}
04-07 02:05:43.192  1321  1370 V DroidBox: Ljavax/crypto/Cipher;->doFinal([B={123, 34, 85, 77, 53, 34, 58, 34, 83, 119, 89, 74, 67, 119, 70, 81, 67, 86, 103, 71, 85, 108, 99, 86, 65, 70, 56, 77, 65, 108, 66, 86, 88, 119, 85, 69, 85, 104, 81, 71, 68, 119, 66, 86, 65, 103, 107, 66, 66, 81, 85, 61, 34, 44, 34, 65, 73, 68, 76, 34, 58, 34, 86, 104})[B={98, -34, 43, -46, 41, -100, 58, 77, 92, -2, 73, -27, -34, 100, -14, 109, -63, -50, 72, -94, 6, 47, -128, 106, 69, 91, 87, 127, -19, 58, 94, -41, 124, -83, 6, 47, 47, 36, -93, -55, 10, -109, 95, -24, 121, -19, -18, 32, 1, -46, 92, 121, 20, 74, -79, 15, 85, 8, -75, -71, -128, 46, -77, -66}
04-07 02:05:43.192  1321  1370 V DroidBox: Ljavax/crypto/Cipher;->doFinal([B={78, 74, 71, 119, 48, 88, 66, 70, 103, 68, 67, 65, 90, 74, 67, 81, 119, 85, 65, 108, 77, 68, 65, 66, 111, 69, 68, 48, 103, 71, 70, 70, 103, 69, 66, 70, 73, 85, 65, 108, 77, 68, 70, 70, 100, 100, 67, 65, 86, 87, 86, 49, 103, 67, 69, 107, 115, 61, 34, 44, 34, 79, 49, 34})[B={119, -68, -61, 32, 11, -92, 56, 75, 14, -78, 76, -100, -111, -30, -8, 17, 102, -8, -69, 14, -116, -88, -52, 40, -101, 65, -54, 78, -41, 64, 124, -3, 123, -125, 10, 102, -76, 88, 15, -32, -57, 85, 58, -92, 17, -63, -124, 56, -77, -48, -104, 65, 84, -125, 25, 37, -109, -85, -110, 15, 61, -5, 92, -78}
04-07 02:05:43.192  1321  1370 V DroidBox: Ljavax/crypto/Cipher;->doFinal([B={58, 34, 83, 81, 85, 75, 87, 70, 77, 77, 85, 49, 115, 79, 66, 119, 52, 101, 85, 108, 119, 79, 66, 49, 100, 85, 67, 103, 52, 69, 86, 120, 116, 81, 65, 65, 49, 83, 66, 65, 100, 98, 85, 108, 69, 71, 83, 65, 69, 76, 88, 119, 86, 85, 66, 65, 61, 61, 34, 44, 34, 76, 84, 86})[B={114, 7, -106, 52, -49, -94, -84, -19, -19, 13, 52, 19, -2, 38, -80, -21, 94, -37, -84, -43, -120, -62, 32, 0, 117, -26, 72, 109, 53, -56, -10, -86, -128, -49, 126, 107, -89, -114, -27, 53, 79, -30, 67, -81, -83, -109, 76, 100, -59, -67, 100, 14, 75, 64, 121, 76, -72, 28, -72, -20, 90, -125, 54, 29}
04-07 02:05:43.192  1321  1370 V DroidBox: Ljavax/crypto/Cipher;->doFinal([B={73, 68, 34, 58, 34, 72, 81, 61, 61, 34, 44, 34, 73, 77, 73, 68, 34, 58, 34, 83, 49, 82, 102, 88, 119, 77, 66, 85, 103, 111, 97, 65, 119, 65, 99, 85, 120, 81, 78, 86, 70, 70, 88, 70, 70, 85, 68, 65, 69, 56, 99, 68, 49, 103, 71, 86, 65, 89, 78, 85, 103, 81, 80, 71})[B={-87, 46, 2, 106, 65, 74, 77, -40, -123, 48, 117, 76, 3, -94, 69, -78, 1, -123, 117, 51, -86, -4, -59, 68, -91, 12, -72, -73, 12, 98, 70, -75, 2, -119, -32, -128, 41, 69, 75, 60, 30, -4, 51, -68, -27, 86, 31, 33, 108, 98, 34, 91, -61, 58, -79, -93, -96, -22, 127, 8, -50, 80, -89, 106}
04-07 02:05:43.196  1321  1370 V DroidBox: Ljavax/crypto/Cipher;->doFinal([B={86, 73, 78, 34, 125})[B={-116, 113, 52, -51, -13, -100, 126, -90, -31, -29, 65, -27, 72, -105, 54, -58, 87, -115, -41, 107, -54, 55, 11, 60, 72, 102, 115, -17, -32, 96, -25, -77, -55, 14, 12, -11, -7, 124, 51, 16, -50, 56, 114, -32, -17, -37, -54, 77, 3, 96, 92, -95, 10, -112, 1, 90, -119, 91, -34, -36, 95, 50, 20, 82}
04-07 02:05:43.196  1321  1370 V DroidBox: Ljava/security/MessageDigest;->getInstance(Ljava/lang/String;=SHA-1)Ljava/security/MessageDigest;=MESSAGE DIGEST SHA-1
04-07 02:05:43.196  1321  1370 V DroidBox: Ljava/security/MessageDigest;->update([B={56, 101, 52, 48, 100, 56, 99, 100, 102, 51, 51, 50, 98, 49, 49, 53})V
04-07 02:05:43.196  1321  1370 V DroidBox: Ljava/security/MessageDigest;->digest()[B={-44, 58, -39, -69, -105, -125, -50, 112, -66, 57, 74, 106, -108, -31, 107, -22, 14, 2, -14, -91}
04-07 02:05:43.196  1321  1370 V DroidBox: Ljava/security/MessageDigest;->getInstance(Ljava/lang/String;=MD5)Ljava/security/MessageDigest;=MESSAGE DIGEST MD5
04-07 02:05:43.196  1321  1370 V DroidBox: Ljava/security/MessageDigest;->update([B={56, 101, 52, 48, 100, 56, 99, 100, 102, 51, 51, 50, 98, 49, 49, 53})V
04-07 02:05:43.196  1321  1370 V DroidBox: Ljava/security/MessageDigest;->digest()[B={-9, 2, 110, -118, 27, -88, 31, 85, -19, -14, 77, -105, 105, -73, -120, 37}
04-07 02:05:43.196  1321  1370 V DroidBox: Ljavax/crypto/Cipher;->getInstance(Ljava/lang/String;=RSA/ECB/nopadding)Ljavax/crypto/Cipher;=javax.crypto.Cipher@52b1b518
04-07 02:05:43.196  1321  1370 V DroidBox: Ljavax/crypto/Cipher;->init(I=1 | Ljava/security/Key;=OpenSSLRSAPublicKey{modulus=c10f7968cfe2c76ac6f0650c877806d4514de58fc239592d2385bce5609a84b2a0fbdaf29b05505ead1fdfef3d7209acbf34b5d0a806df18147ea9c0337d6b5b,publicExponent=10001})V
04-07 02:05:43.196  1321  1370 V DroidBox: Ljavax/crypto/Cipher;->doFinal([B={123, 34, 85, 77, 53, 34, 58, 34, 83, 119, 89, 73, 65, 81, 78, 99, 68, 49, 65, 65, 86, 108, 65, 86, 65, 70, 52, 71, 65, 70, 120, 84, 86, 119, 77, 65, 86, 82, 81, 71, 68, 103, 112, 88, 68, 103, 56, 74, 65, 119, 69, 61, 34, 44, 34, 65, 73, 68, 76, 34, 58, 34, 86, 104})[B={-75, 13, -3, -90, 57, -117, -100, 123, 108, -116, 37, -91, -92, -70, 122, 85, -9, -119, 80, 44, 29, -117, -87, 24, 22, 94, 25, 76, 75, 80, -20, -112, 50, 81, -81, 41, 40, -64, -72, 50, 49, -53, 47, -125, 2, -15, 39, 68, 51, -81, -115, 4, 25, -69, 10, -52, 113, -116, -60, 28, -97, 40, 52, -100}
04-07 02:05:43.196  1321  1370 V DroidBox: Ljavax/crypto/Cipher;->doFinal([B={78, 73, 69, 81, 56, 98, 65, 108, 65, 70, 68, 65, 70, 74, 67, 81, 48, 101, 65, 70, 56, 70, 67, 66, 119, 65, 67, 69, 103, 71, 70, 86, 73, 71, 67, 70, 81, 99, 66, 70, 99, 69, 70, 70, 100, 99, 65, 103, 100, 97, 85, 86, 65, 69, 70, 107, 119, 61, 34, 44, 34, 79, 49, 34})[B={-100, -101, -48, 74, 79, 13, -14, -46, 25, 2, 119, 63, 49, 82, -53, -76, -103, -91, 30, -75, 6, -100, 33, -120, 82, -17, -90, 109, -92, -114, -52, 19, 73, 26, -49, -64, -47, 3, 70, 124, 107, 119, -30, 16, 29, -107, 56, -8, 17, 20, -56, -14, -59, 101, -20, 28, -19, -9, -63, 62, 58, -29, 15, -118}
04-07 02:05:43.196  1321  1370 V DroidBox: Ljavax/crypto/Cipher;->doFinal([B={58, 34, 83, 81, 85, 76, 85, 108, 69, 65, 86, 86, 77, 73, 65, 119, 107, 101, 85, 108, 48, 69, 66, 86, 116, 83, 65, 103, 103, 65, 85, 66, 116, 81, 65, 81, 100, 81, 67, 65, 70, 84, 86, 70, 85, 66, 83, 65, 69, 75, 86, 81, 100, 89, 65, 103, 61, 61, 34, 44, 34, 76, 84, 86})[B={39, -86, 106, 44, 49, 100, -91, -4, 112, -124, 105, -32, -125, 18, -53, -89, 16, -65, -25, 34, -117, 121, 29, -12, -24, -93, -24, -106, 110, -96, -108, -93, -23, -75, -69, 119, -56, 126, -31, -121, -123, -110, -16, 47, 24, 96, -44, 107, 82, -57, -95, 108, -43, -70, 36, 99, -31, 93, -44, 92, 19, -90, -102, 19}
04-07 02:05:43.196  1321  1370 V DroidBox: Ljavax/crypto/Cipher;->doFinal([B={73, 68, 34, 58, 34, 72, 81, 61, 61, 34, 44, 34, 73, 77, 73, 68, 34, 58, 34, 83, 49, 82, 101, 86, 81, 69, 78, 86, 65, 73, 99, 66, 119, 99, 99, 85, 120, 85, 72, 86, 108, 49, 82, 72, 70, 77, 72, 66, 48, 56, 99, 68, 108, 73, 69, 87, 65, 65, 70, 86, 65, 65, 73, 71})[B={13, -57, -12, -107, -62, 34, 104, 4, 11, -21, -24, 31, -126, 53, -105, -72, -65, -52, -12, -24, 43, 94, 126, -43, 18, 14, -29, -11, 31, 90, -79, -12, 82, 71, -117, -103, -37, 102, 95, 1, -70, 29, 125, -94, 104, -43, 33, -39, -118, -98, 46, 41, -84, 88, -42, 44, 38, 41, -80, 65, 9, 11, -35, -87}
04-07 02:05:43.196  1321  1370 V DroidBox: Ljavax/crypto/Cipher;->doFinal([B={86, 73, 77, 34, 125})[B={-93, -59, 65, 64, -94, -97, -93, 119, 91, 98, 54, -22, 77, 120, -116, 127, -1, 101, -63, -56, 113, -64, 119, -46, -67, 119, -25, 39, 111, -89, 82, -33, -36, 51, -31, -27, 50, 105, 37, 59, 85, -46, 38, 108, 61, 16, -59, -57, -18, 72, -7, -104, 24, 92, 51, 89, -54, -84, 51, 73, 105, -82, 58, -56}
04-07 02:05:43.200  1321  1370 V DroidBox: Ljava/security/MessageDigest;->getInstance(Ljava/lang/String;=SHA-1)Ljava/security/MessageDigest;=MESSAGE DIGEST SHA-1
04-07 02:05:43.200  1321  1370 V DroidBox: Ljava/security/MessageDigest;->update([B={56, 101, 52, 48, 100, 56, 99, 100, 102, 51, 51, 50, 98, 49, 49, 53})V
04-07 02:05:43.200  1321  1370 V DroidBox: Ljava/security/MessageDigest;->digest()[B={-44, 58, -39, -69, -105, -125, -50, 112, -66, 57, 74, 106, -108, -31, 107, -22, 14, 2, -14, -91}
04-07 02:05:43.200  1321  1370 V DroidBox: Ljava/security/MessageDigest;->getInstance(Ljava/lang/String;=MD5)Ljava/security/MessageDigest;=MESSAGE DIGEST MD5
04-07 02:05:43.200  1321  1370 V DroidBox: Ljava/security/MessageDigest;->update([B={56, 101, 52, 48, 100, 56, 99, 100, 102, 51, 51, 50, 98, 49, 49, 53})V
04-07 02:05:43.200  1321  1370 V DroidBox: Ljava/security/MessageDigest;->digest()[B={-9, 2, 110, -118, 27, -88, 31, 85, -19, -14, 77, -105, 105, -73, -120, 37}
04-07 02:05:43.200  1321  1372 V DroidBox: Ljavax/crypto/spec/SecretKeySpec;-><init>([B={-8, 18, -71, -82, 2, -20, -128, 34, 43, -33, 51, -100, -71, -60, -117, 46} | Ljava/lang/String;=AES)V
04-07 02:05:43.200  1321  1370 V DroidBox: Ljavax/crypto/spec/SecretKeySpec;-><init>([B={-8, 18, -71, -82, 2, -20, -128, 34, 43, -33, 51, -100, -71, -60, -117, 46} | Ljava/lang/String;=AES)V
04-07 02:05:43.200  1321  1372 V DroidBox: Ljavax/crypto/Cipher;->getInstance(Ljava/lang/String;=AES/CBC/PKCS7Padding)Ljavax/crypto/Cipher;=javax.crypto.Cipher@52b46aa4
04-07 02:05:43.200  1321  1372 V DroidBox: Ljavax/crypto/Cipher;->init(I=1 | Ljava/security/Key;=com.inmobi.commons.internal.EncryptionUtils$c@fffffe13 | Ljava/security/spec/AlgorithmParameterSpec;=com.inmobi.commons.internal.EncryptionUtils$a@52ac1520)V
04-07 02:05:43.204  1321  1370 V DroidBox: Ljavax/crypto/Cipher;->getInstance(Ljava/lang/String;=AES/CBC/PKCS7Padding)Ljavax/crypto/Cipher;=javax.crypto.Cipher@52b4c900
04-07 02:05:43.204  1321  1370 V DroidBox: Ljavax/crypto/Cipher;->init(I=1 | Ljava/security/Key;=com.inmobi.commons.internal.EncryptionUtils$c@fffffe13 | Ljava/security/spec/AlgorithmParameterSpec;=com.inmobi.commons.internal.EncryptionUtils$a@52a79df8)V
04-07 02:05:43.208  1321  1370 V DroidBox: Ljavax/crypto/Cipher;->doFinal([B={109, 107, 45, 115, 105, 116, 101, 105, 100, 61, 102, 98, 56, 57, 52, 51, 51, 57, 97, 97, 102, 52, 52, 101, 48, 99, 56, 101, 49, 51, 51, 48, 98, 102, 48, 53, 99, 48, 100, 48, 99, 55, 38, 109, 107, 45, 118, 101, 114, 115, 105, 111, 110, 61, 112, 114, 45, 83, 65, 78, 68, 45, 69, 84, 70, 84, 67, 45, 50, 48, 49, 52, 49, 49, 50, 48, 38, 117, 45, 105, 100, 45, 109, 97, 112, 61, 37, 55, 66, 37, 50, 50, 85, 77, 53, 37, 50, 50, 37, 51, 65, 37, 50, 50, 102, 55, 48, 50, 54, 101, 56, 97, 49, 98, 97, 56, 49, 102, 53, 53, 101, 100, 102, 50, 52, 100, 57, 55, 54, 57, 98, 55, 56, 56, 50, 53, 37, 50, 50, 37, 50, 67, 37, 50, 50, 65, 73, 68, 76, 37, 50, 50, 37, 51, 65, 37, 50, 50, 37, 55, 66, 37, 53, 67, 37, 50, 50, 112, 37, 53, 67, 37, 50, 50, 37, 51, 65, 37, 53, 67, 37, 50, 50, 53, 97, 52, 56, 48, 100, 56, 53, 45, 53, 102, 50, 57, 45, 52, 57, 101, 55, 45, 97, 51, 49, 99, 45, 53, 99, 53, 57, 102, 100, 49, 50, 99, 102, 97, 53, 37, 53, 67, 37, 50, 50, 37, 55, 68, 37, 50, 50, 37, 50, 67, 37, 50, 50, 79, 49, 37, 50, 50, 37, 51, 65, 37, 50, 50, 100, 52, 51, 97, 100, 57, 98, 98, 57, 55, 56, 51, 99, 101, 55, 48, 98, 101, 51, 57, 52, 97, 54, 97, 57, 52, 101, 49, 54, 98, 101, 97, 48, 101, 48, 50, 102, 50, 97, 53, 37, 50, 50, 37, 50, 67, 37, 50, 50, 76, 84, 86, 73, 68, 37, 50, 50, 37, 51, 65, 37, 50, 50, 48, 37, 50, 50, 37, 50, 67, 37, 50, 50, 73, 77, 73, 68, 37, 50, 50, 37, 51, 65, 37, 50, 50, 102, 101, 102, 102, 52, 52, 99, 51, 45, 51, 54, 49, 98, 45, 52, 99, 100, 102, 45, 98, 51, 54, 98, 45, 54, 97, 49, 97, 55, 52, 101, 52, 57, 52, 99, 52, 37, 50, 50, 37, 55, 68, 38, 117, 45, 97, 112, 112, 98, 105, 100, 61, 99, 111, 109, 46, 104, 105, 100, 101, 105, 116, 112, 114, 111, 38, 117, 45, 97, 112, 112, 118, 101, 114, 61, 52, 46, 50, 46, 49, 38, 104, 45, 117, 115, 101, 114, 45, 97, 103, 101, 110, 116, 61, 77, 111, 122, 105, 108, 108, 97, 37, 50, 70, 53, 46, 48, 43, 37, 50, 56, 76, 105, 110, 117, 120, 37, 51, 66, 43, 65, 110, 100, 114, 111, 105, 100, 43, 52, 46, 52, 46, 52, 37, 51, 66, 43, 71, 111, 111, 103, 108, 101, 43, 78, 101, 120, 117, 115, 43, 53, 43, 45, 43, 52, 46, 52, 46, 52, 43, 45, 43, 65, 80, 73, 43, 49, 57, 43, 45, 43, 49, 48, 56, 48, 120, 49, 57, 50, 48, 43, 66, 117, 105, 108, 100, 37, 50, 70, 75, 84, 85, 56, 52, 80, 37, 50, 57, 43, 65, 112, 112, 108, 101, 87, 101, 98, 75, 105, 116, 37, 50, 70, 53, 51, 55, 46, 51, 54, 43, 37, 50, 56, 75, 72, 84, 77, 76, 37, 50, 67, 43, 108, 105, 107, 101, 43, 71, 101, 99, 107, 111, 37, 50, 57, 43, 86, 101, 114, 115, 105, 111, 110, 37, 50, 70, 52, 46, 48, 43, 67, 104, 114, 111, 109, 101, 37, 50, 70, 51, 51, 46, 48, 46, 48, 46, 48, 43, 77, 111, 98, 105, 108, 101, 43, 83, 97, 102, 97, 114, 105, 37, 50, 70, 53, 51, 55, 46, 51, 54, 38, 100, 45, 108, 111, 99, 97, 108, 105, 122, 97, 116, 105, 111, 110, 61, 101, 110, 95, 117, 115, 38, 100, 45, 110, 101, 116, 116, 121, 112, 101, 61, 119, 105, 102, 105})[B={-25, 82, -4, -36, -10, 53, 96, -101, 52, -127, 1, 14, 34, 58, -25, -7, -127, -96, -3, -110, -41, -90, -90, -126, -64, 104, -52, 110, 114, -35, 11, -108, 93, -98, 117, 16, -47, -54, -116, -124, -126, -71, -63, -94, 48, 33, -1, 115, 58, -68, 19, -8, 28, -15, 46, 0, -48, -105, -79, -73, 111, -78, 125, -34, -91, 11, 119, -113, -21, 122, 71, -101, -117, 83, -97, 114, 86, 28, -92, -74, -39, -121, -13, 101, -74, 7, -104, 61, 35, 90, 46, 124, 33, -56, -55, 63, -28, -2, -15, -128, 5, -94, -117, -6, -15, 102, 49, 96, 70, -105, 125, -46, -2, 57, -104, -92, 30, 93, 93, 99, -84, 83, 117, -119, -38, -63, -73, -96, 62, -34, 26, -47, -112, 38, 105, 64, 125, -95, 36, 49, -17, 111, 19, 64, -103, 16, -11, 78, -10, 73, -41, -103, -46, 45, 15, 1, -92, 127, -101, 66, -1, 93, -110, -42, 111, 4, -60, -14, 49, -28, -97, -23, 99, -63, 92, 84, 75, -76, -116, -21, -36, -104, 117, -59, -25, 57, 99, 52, -7, 115, 105, 114, 30, -63, 97, 31, -68, 37, -44, 89, 77, -108, -128, -87, -81, 95, -101, 53, -2, 93, 59, 18, -86, -34, -18, -80, 90, 36, -77, -56, 85, -128, 23, -65, -38, 94, 36, 122, 95, 18, -121, 125, -77, -96, -57, -4, -18, -81, -112, -35, 97, -98, 1, -59, -58, 70, -51, -77, -9
04-07 02:05:43.208  1321  1370 V DroidBox: Ljavax/crypto/spec/SecretKeySpec;-><init>([B={95, 123, 41, 58, -102, -91, 51, -33} | I=0 | I=8 | Ljava/lang/String;=HmacSHA1)V
04-07 02:05:43.208  1321  1372 V DroidBox: Ljavax/crypto/Cipher;->doFinal([B={100, 45, 110, 101, 116, 84, 121, 112, 101, 61, 119, 105, 102, 105, 38, 117, 45, 97, 112, 112, 68, 78, 77, 61, 65, 117, 100, 105, 111, 43, 77, 97, 110, 97, 103, 101, 114, 38, 116, 115, 61, 49, 52, 50, 56, 51, 56, 54, 55, 52, 51, 49, 57, 51, 38, 114, 101, 113, 117, 101, 115, 116, 97, 99, 116, 105, 118, 105, 116, 121, 61, 65, 100, 82, 101, 113, 117, 101, 115, 116, 38, 117, 45, 115, 45, 105, 100, 61, 55, 102, 100, 56, 57, 55, 56, 57, 45, 97, 98, 48, 102, 45, 52, 49, 52, 102, 45, 56, 57, 102, 54, 45, 57, 50, 56, 49, 49, 101, 102, 52, 97, 98, 48, 48, 38, 102, 111, 114, 109, 97, 116, 61, 105, 109, 97, 105, 38, 117, 45, 97, 112, 112, 98, 105, 100, 61, 99, 111, 109, 46, 104, 105, 100, 101, 105, 116, 112, 114, 111, 38, 117, 45, 114, 116, 61, 48, 38, 104, 45, 117, 115, 101, 114, 45, 97, 103, 101, 110, 116, 61, 77, 111, 122, 105, 108, 108, 97, 37, 50, 70, 53, 46, 48, 43, 37, 50, 56, 76, 105, 110, 117, 120, 37, 51, 66, 43, 65, 110, 100, 114, 111, 105, 100, 43, 52, 46, 52, 46, 52, 37, 51, 66, 43, 71, 111, 111, 103, 108, 101, 43, 78, 101, 120, 117, 115, 43, 53, 43, 45, 43, 52, 46, 52, 46, 52, 43, 45, 43, 65, 80, 73, 43, 49, 57, 43, 45, 43, 49, 48, 56, 48, 120, 49, 57, 50, 48, 43, 66, 117, 105, 108, 100, 37, 50, 70, 75, 84, 85, 56, 52, 80, 37, 50, 57, 43, 65, 112, 112, 108, 101, 87, 101, 98, 75, 105, 116, 37, 50, 70, 53, 51, 55, 46, 51, 54, 43, 37, 50, 56, 75, 72, 84, 77, 76, 37, 50, 67, 43, 108, 105, 107, 101, 43, 71, 101, 99, 107, 111, 37, 50, 57, 43, 86, 101, 114, 115, 105, 111, 110, 37, 50, 70, 52, 46, 48, 43, 67, 104, 114, 111, 109, 101, 37, 50, 70, 51, 51, 46, 48, 46, 48, 46, 48, 43, 77, 111, 98, 105, 108, 101, 43, 83, 97, 102, 97, 114, 105, 37, 50, 70, 53, 51, 55, 46, 51, 54, 38, 116, 122, 61, 45, 49, 52, 52, 48, 48, 48, 48, 48, 38, 117, 45, 97, 112, 112, 118, 101, 114, 61, 52, 46, 50, 46, 49, 38, 100, 45, 108, 111, 99, 97, 108, 105, 122, 97, 116, 105, 111, 110, 61, 101, 110, 95, 117, 115, 38, 109, 107, 45, 97, 100, 115, 61, 49, 38, 100, 45, 111, 114, 105, 101, 110, 116, 97, 116, 105, 111, 110, 61, 49, 38, 109, 107, 45, 115, 105, 116, 101, 105, 100, 61, 102, 98, 56, 57, 52, 51, 51, 57, 97, 97, 102, 52, 52, 101, 48, 99, 56, 101, 49, 51, 51, 48, 98, 102, 48, 53, 99, 48, 100, 48, 99, 55, 38, 100, 45, 100, 101, 118, 105, 99, 101, 45, 115, 99, 114, 101, 101, 110, 45, 115, 105, 122, 101, 61, 51, 54, 48, 88, 53, 57, 50, 38, 109, 107, 45, 114, 101, 108, 45, 118, 101, 114, 115, 105, 111, 110, 61, 112, 114, 45, 83, 65, 78, 68, 45, 69, 84, 70, 84, 67, 45, 50, 48, 49, 52, 49, 49, 50, 48, 38, 100, 45, 100, 101, 118, 105, 99, 101, 45, 115, 99, 114, 101, 101, 110, 45, 100, 101, 110, 115, 105, 116, 121, 61, 51, 46, 48, 38, 117, 45, 105, 100, 45, 97, 100, 116, 61, 48, 38, 108, 111, 99, 45, 97, 108, 108, 111, 119, 101, 100, 61, 48, 38, 117, 45, 105, 100, 45, 109, 97, 112, 61, 37, 55, 66, 37, 50, 50, 85, 77, 53, 37, 50, 50, 37, 51, 65, 37, 50, 50, 102, 55, 48, 50, 54, 101, 56, 97, 49, 98, 97, 56, 49, 102, 53, 53, 101, 100, 102, 50, 52, 100, 57, 55, 54, 57, 98, 55, 56, 56, 50, 53, 37, 50, 50, 37, 50, 67, 37, 50, 50, 65, 73, 68, 76, 37, 50, 50, 37, 51, 65, 37, 50, 50, 37, 55, 66, 37, 53, 67, 37, 50, 50, 112, 37, 53, 67, 37, 50, 50, 37, 51, 65, 37, 53, 67, 37, 50, 50, 53, 97, 52, 56, 48, 100, 56, 53, 45, 53, 102, 50, 57, 45, 52, 57, 101, 55, 45, 97, 51, 49, 99, 45, 53, 99, 53, 57, 102, 100, 49, 50, 99, 102, 97, 53, 37, 53, 67, 37, 50, 50, 37, 55, 68, 37, 50, 50, 37, 50, 67, 37, 50, 50, 79, 49, 37, 50, 50, 37, 51, 65, 37, 50, 50, 100, 52, 51, 97, 100, 57, 98, 98, 57, 55, 56, 51, 99, 101, 55, 48, 98, 101, 51, 57, 52, 97, 54, 97, 57, 52, 101, 49, 54, 98, 101, 97, 48, 101, 48, 50, 102, 50, 97, 53, 37, 50, 50, 37, 50, 67, 37, 50, 50, 76, 84, 86, 73, 68, 37, 50, 50, 37, 51, 65, 37, 50, 50, 48, 37, 50, 50, 37, 50, 67, 37, 50, 50, 73, 77, 73, 68, 37, 50, 50, 37, 51, 65, 37, 50, 50, 102, 101, 102, 102, 52, 52, 99, 51, 45, 51, 54, 49, 98, 45, 52, 99, 100, 102, 45, 98, 51, 54, 98, 45, 54, 97, 49, 97, 55, 52, 101, 52, 57, 52, 99, 52, 37, 50, 50, 37, 55, 68, 38, 109, 107, 45, 97, 100, 45, 115, 108, 
04-07 02:05:43.208  1321  1372 V DroidBox: Ljavax/crypto/spec/SecretKeySpec;-><init>([B={-82, 61, -50, -45, -10, -68, 66, 121} | I=0 | I=8 | Ljava/lang/String;=HmacSHA1)V
04-07 02:05:43.208  1321  1370 V DroidBox: Ljavax/crypto/Cipher;->getInstance(Ljava/lang/String;=RSA/ECB/nopadding)Ljavax/crypto/Cipher;=javax.crypto.Cipher@528753a8
04-07 02:05:43.208  1321  1372 V DroidBox: Ljavax/crypto/Cipher;->getInstance(Ljava/lang/String;=RSA/ECB/nopadding)Ljavax/crypto/Cipher;=javax.crypto.Cipher@52889a98
04-07 02:05:43.208  1321  1370 V DroidBox: Ljavax/crypto/Cipher;->init(I=1 | Ljava/security/Key;=OpenSSLRSAPublicKey{modulus=e72409364b865b757e1d6b8db73011bbb1d20c1a9f931add3c4c09e2794ce102f8aa7f2d50eb88f9880a576e6c7b0e95712cae9416f7bacb798564627846e93b,publicExponent=10001})V
04-07 02:05:43.208  1321  1372 V DroidBox: Ljavax/crypto/Cipher;->init(I=1 | Ljava/security/Key;=OpenSSLRSAPublicKey{modulus=e72409364b865b757e1d6b8db73011bbb1d20c1a9f931add3c4c09e2794ce102f8aa7f2d50eb88f9880a576e6c7b0e95712cae9416f7bacb798564627846e93b,publicExponent=10001})V
04-07 02:05:43.212  1321  1370 V DroidBox: Ljavax/crypto/Cipher;->doFinal([B={16, 0, 0, 0, 0, 0, 0, 0, -8, 18, -71, -82, 2, -20, -128, 34, 43, -33, 51, -100, -71, -60, -117, 46, 8, 0, 0, 0, 0, 0, 0, 0, 95, 123, 41, 58, -102, -91, 51, -33, 16, 0, 0, 0, 0, 0, 0, 0, 68, 24, -65, 97, 44, 74, 39, -63, 63, -109, -37, 77, -12, 87, 99, -16})[B={17, 25, 0, -72, 40, 13, -122, 70, 16, -15, 108, 5, 17, 26, 59, -1, 80, -89, -117, 27, 6, 48, -10, 87, -8, -77, 18, 0, -99, -126, 72, 37, 106, -52, -15, -44, -43, 111, 69, 7, 38, 0, -31, -19, -105, -118, -78, -105, -50, 0, 54, 91, -36, 22, 12, 101, -116, -58, 10, -14, -62, 107, -81, -56}
04-07 02:05:43.212  1321  1372 V DroidBox: Ljavax/crypto/Cipher;->doFinal([B={16, 0, 0, 0, 0, 0, 0, 0, -8, 18, -71, -82, 2, -20, -128, 34, 43, -33, 51, -100, -71, -60, -117, 46, 8, 0, 0, 0, 0, 0, 0, 0, -82, 61, -50, -45, -10, -68, 66, 121, 16, 0, 0, 0, 0, 0, 0, 0, -16, -35, -85, -15, -22, -9, 48, 45, 35, 31, -107, 32, 43, 78, 36, -29})[B={18, -78, -60, -56, 2, -75, 118, 120, 38, 95, -100, -85, 1, -103, -47, 91, -15, -17, 27, 98, -3, -40, -34, 39, -113, 98, 0, -72, -48, 113, 67, 66, -118, 63, 126, -80, -75, -83, -67, 75, 3, -23, -41, -42, 61, -73, 55, 106, 51, -65, -85, -5, 76, 64, 101, 61, -46, -48, -127, -20, -30, 125, -122, 20}
04-07 02:05:43.212  1321  1372 V DroidBox: Ljava/net/URL;-><init>(Ljava/lang/String;=http://i.w.inmobi.com/showad.asm)V
04-07 02:05:43.212  1321  1370 V DroidBox: Ljava/net/URL;-><init>(Ljava/lang/String;=http://dock.inmobi.com/carb/v1/i)V
04-07 02:05:43.212  1321  1372 V DroidBox: Ljava/net/URL;->openConnection()Ljava/net/URLConnection;=com.android.okhttp.internal.http.HttpURLConnectionImpl:http://i.w.inmobi.com/showad.asm
04-07 02:05:43.212  1321  1370 V DroidBox: Ljava/net/URL;->openConnection()Ljava/net/URLConnection;=com.android.okhttp.internal.http.HttpURLConnectionImpl:http://dock.inmobi.com/carb/v1/i
04-07 02:05:43.268  1321  1321 V DroidBox: Ljava/security/MessageDigest;->getInstance(Ljava/lang/String;=SHA-1)Ljava/security/MessageDigest;=MESSAGE DIGEST SHA-1
04-07 02:05:43.268  1321  1321 V DroidBox: Ljava/security/MessageDigest;->update([B={56, 101, 52, 48, 100, 56, 99, 100, 102, 51, 51, 50, 98, 49, 49, 53})V
04-07 02:05:43.268  1321  1321 V DroidBox: Ljava/security/MessageDigest;->digest()[B={-44, 58, -39, -69, -105, -125, -50, 112, -66, 57, 74, 106, -108, -31, 107, -22, 14, 2, -14, -91}
04-07 02:05:43.268  1321  1321 V DroidBox: Ljava/security/MessageDigest;->getInstance(Ljava/lang/String;=MD5)Ljava/security/MessageDigest;=MESSAGE DIGEST MD5
04-07 02:05:43.268  1321  1321 V DroidBox: Ljava/security/MessageDigest;->update([B={56, 101, 52, 48, 100, 56, 99, 100, 102, 51, 51, 50, 98, 49, 49, 53})V
04-07 02:05:43.268  1321  1321 V DroidBox: Ljava/security/MessageDigest;->digest()[B={-9, 2, 110, -118, 27, -88, 31, 85, -19, -14, 77, -105, 105, -73, -120, 37}
04-07 02:05:43.272  1321  1321 V DroidBox: Ljavax/crypto/Cipher;->getInstance(Ljava/lang/String;=RSA/ECB/nopadding)Ljavax/crypto/Cipher;=javax.crypto.Cipher@52ae2604
04-07 02:05:43.272  1321  1321 V DroidBox: Ljavax/crypto/Cipher;->init(I=1 | Ljava/security/Key;=OpenSSLRSAPublicKey{modulus=c10f7968cfe2c76ac6f0650c877806d4514de58fc239592d2385bce5609a84b2a0fbdaf29b05505ead1fdfef3d7209acbf34b5d0a806df18147ea9c0337d6b5b,publicExponent=10001})V
04-07 02:05:43.272  1321  1321 V DroidBox: Ljavax/crypto/Cipher;->doFinal([B={123, 34, 85, 77, 53, 34, 58, 34, 86, 119, 65, 69, 65, 65, 100, 86, 67, 49, 73, 68, 87, 49, 65, 80, 66, 86, 81, 69, 66, 86, 90, 88, 86, 65, 115, 70, 85, 119, 48, 70, 66, 119, 108, 82, 66, 65, 111, 66, 65, 119, 73, 61, 34, 44, 34, 65, 73, 68, 76, 34, 58, 34, 83, 104})[B={36, -15, 67, -60, -58, 74, -46, -123, -34, -126, -10, 71, 15, -127, 62, 95, -4, 126, -29, 16, 103, 86, 107, -20, -111, 53, -46, 98, 36, 120, 54, -16, 82, 1, 70, -9, 60, 65, -28, 92, 63, 127, -87, 79, -71, 84, -125, 12, -16, -59, -124, 21, -41, 34, -30, -116, 70, -49, 29, 70, 63, -21, -61, 81}
04-07 02:05:43.272  1321  1321 V DroidBox: Ljavax/crypto/Cipher;->doFinal([B={86, 69, 69, 65, 115, 83, 66, 108, 73, 71, 65, 81, 70, 84, 68, 65, 99, 99, 66, 86, 85, 66, 67, 120, 81, 70, 68, 108, 69, 70, 72, 70, 69, 65, 65, 108, 69, 85, 66, 70, 81, 66, 67, 49, 100, 85, 65, 103, 70, 82, 88, 49, 65, 67, 70, 107, 56, 61, 34, 44, 34, 79, 49, 34})[B={-76, 7, 124, -109, -3, 124, -44, -123, -20, -94, 89, -32, 7, 80, 33, 122, -42, 55, -85, 37, 0, 75, -106, 93, 98, 41, 114, -123, -96, -48, -7, 41, -73, -59, -46, 18, -3, 38, 120, -43, 3, 106, -1, -83, 125, 126, -128, -8, 86, -43, 99, -25, -111, 57, 73, 2, 126, 46, 13, -11, 55, -85, 84, -126}
04-07 02:05:43.272  1321  1321 V DroidBox: Ljavax/crypto/Cipher;->doFinal([B={58, 34, 86, 81, 77, 72, 85, 49, 85, 74, 85, 86, 69, 76, 68, 103, 107, 69, 86, 49, 99, 71, 65, 70, 70, 87, 65, 81, 65, 70, 86, 103, 74, 84, 67, 65, 82, 87, 65, 103, 82, 98, 86, 70, 89, 69, 86, 119, 69, 67, 86, 81, 70, 84, 68, 65, 61, 61, 34, 44, 34, 76, 84, 86})[B={124, 35, 126, -87, 48, -92, -105, -61, -76, -119, -94, -15, -92, 14, -28, -16, 16, -109, 42, 12, -4, 10, 70, -10, 11, -127, -109, -118, 26, 9, 114, 93, -63, 31, 70, -75, -2, 59, 82, 19, -67, 12, -37, -125, -63, -1, 72, -16, -50, 18, 6, 67, 43, 102, -52, 110, 113, 28, -42, -96, 95, 10, 79, 87}
04-07 02:05:43.272  1321  1321 V DroidBox: Ljavax/crypto/Cipher;->doFinal([B={73, 68, 34, 58, 34, 65, 81, 61, 61, 34, 44, 34, 73, 77, 73, 68, 34, 58, 34, 86, 49, 74, 83, 86, 65, 85, 69, 85, 65, 65, 102, 67, 103, 99, 71, 86, 104, 56, 70, 85, 49, 100, 86, 72, 49, 115, 67, 65, 86, 89, 102, 66, 49, 69, 67, 85, 103, 85, 78, 86, 65, 77, 78, 66})[B={99, -100, -4, -108, 81, 84, -118, 88, 36, -111, 36, -11, -53, -80, -105, 16, 74, -30, -57, 1, 72, -84, -2, 38, -56, 127, 76, 120, -76, -76, 38, 14, 55, 5, -105, 42, 13, 52, -20, 118, -48, 68, 64, -11, -117, -38, -125, 121, 82, 114, -84, -33, 114, -29, 100, 96, -55, -125, -119, -19, 61, -66, 106, -69}
04-07 02:05:43.272  1321  1321 V DroidBox: Ljavax/crypto/Cipher;->doFinal([B={108, 73, 69, 34, 125})[B={-64, 49, 101, -122, 34, -7, -41, 112, -128, -68, -58, -88, 27, -91, 70, 65, -49, -105, 42, 33, -2, -13, -120, 104, -84, 40, 98, -9, 122, 103, -128, -72, -71, 61, 84, -23, -56, -15, 35, -44, -118, 40, -112, -124, 43, 76, -62, 28, 90, 87, -80, 3, 112, -80, -90, 124, 36, 79, -68, 77, 16, 56, 87, 124}
04-07 02:05:43.280  1321  1321 V DroidBox: Landroid/database/sqlite/SQLiteDatabase;->rawQuery(Ljava/lang/String;=SELECT * FROM clickevent;  | [Ljava/lang/String;=null)Landroid/database/Cursor;=android.database.sqlite.SQLiteCursor@52b47d8c
04-07 02:05:43.280  1321  1321 V DroidBox: Landroid/database/Cursor;->getCount()I=0
